error: expected `builder(each = "...")`
  --> tests/08-unrecognized-attribute.rs:22:7
   |
22 |     #[builder(eac = "arg")]
   |       ^^^^^^^^^^^^^^^^^^^^

DeriveInput {
    attrs: [],
    vis: Visibility::Public(
        Pub,
    ),
    ident: Ident {
        ident: "Command",
        span: #0 bytes(1001..1008),
    },
    generics: Generics {
        lt_token: None,
        params: [],
        gt_token: None,
        where_clause: None,
    },
    data: Data::Struct {
        struct_token: Struct,
        fields: Fields::Named {
            brace_token: Brace,
            named: [
                Field {
                    attrs: [],
                    vis: Visibility::Inherited,
                    mutability: FieldMutability::None,
                    ident: Some(
                        Ident {
                            ident: "executable",
                            span: #0 bytes(1015..1025),
                        },
                    ),
                    colon_token: Some(
                        Colon,
                    ),
                    ty: Type::Path {
                        qself: None,
                        path: Path {
                            leading_colon: None,
                            segments: [
                                PathSegment {
                                    ident: Ident {
                                        ident: "String",
                                        span: #0 bytes(1027..1033),
                                    },
                                    arguments: PathArguments::None,
                                },
                            ],
                        },
                    },
                },
                Comma,
                Field {
                    attrs: [],
                    vis: Visibility::Inherited,
                    mutability: FieldMutability::None,
                    ident: Some(
                        Ident {
                            ident: "args",
                            span: #0 bytes(1039..1043),
                        },
                    ),
                    colon_token: Some(
                        Colon,
                    ),
                    ty: Type::Path {
                        qself: None,
                        path: Path {
                            leading_colon: None,
                            segments: [
                                PathSegment {
                                    ident: Ident {
                                        ident: "Vec",
                                        span: #0 bytes(1045..1048),
                                    },
                                    arguments: PathArguments::AngleBracketed {
                                        colon2_token: None,
                                        lt_token: Lt,
                                        args: [
                                            GenericArgument::Type(
                                                Type::Path {
                                                    qself: None,
                                                    path: Path {
                                                        leading_colon: None,
                                                        segments: [
                                                            PathSegment {
                                                                ident: Ident {
                                                                    ident: "String",
                                                                    span: #0 bytes(1049..1055),
                                                                },
                                                                arguments: PathArguments::None,
                                                            },
                                                        ],
                                                    },
                                                },
                                            ),
                                        ],
                                        gt_token: Gt,
                                    },
                                },
                            ],
                        },
                    },
                },
                Comma,
                Field {
                    attrs: [],
                    vis: Visibility::Inherited,
                    mutability: FieldMutability::None,
                    ident: Some(
                        Ident {
                            ident: "env",
                            span: #0 bytes(1062..1065),
                        },
                    ),
                    colon_token: Some(
                        Colon,
                    ),
                    ty: Type::Path {
                        qself: None,
                        path: Path {
                            leading_colon: None,
                            segments: [
                                PathSegment {
                                    ident: Ident {
                                        ident: "Vec",
                                        span: #0 bytes(1067..1070),
                                    },
                                    arguments: PathArguments::AngleBracketed {
                                        colon2_token: None,
                                        lt_token: Lt,
                                        args: [
                                            GenericArgument::Type(
                                                Type::Path {
                                                    qself: None,
                                                    path: Path {
                                                        leading_colon: None,
                                                        segments: [
                                                            PathSegment {
                                                                ident: Ident {
                                                                    ident: "String",
                                                                    span: #0 bytes(1071..1077),
                                                                },
                                                                arguments: PathArguments::None,
                                                            },
                                                        ],
                                                    },
                                                },
                                            ),
                                        ],
                                        gt_token: Gt,
                                    },
                                },
                            ],
                        },
                    },
                },
                Comma,
                Field {
                    attrs: [],
                    vis: Visibility::Inherited,
                    mutability: FieldMutability::None,
                    ident: Some(
                        Ident {
                            ident: "current_dir",
                            span: #0 bytes(1084..1095),
                        },
                    ),
                    colon_token: Some(
                        Colon,
                    ),
                    ty: Type::Path {
                        qself: None,
                        path: Path {
                            leading_colon: None,
                            segments: [
                                PathSegment {
                                    ident: Ident {
                                        ident: "String",
                                        span: #0 bytes(1097..1103),
                                    },
                                    arguments: PathArguments::None,
                                },
                            ],
                        },
                    },
                },
                Comma,
            ],
        },
        semi_token: None,
    },
}
